Taski do ogarnięcia:

1. Ogranać kopiowanie poprawnych komend, argumentów oraz plików po redirekcjach oraz heredoc.
Kolejność operacji zachować i uporządkować.

2. Zrobić rozpoznanie, czy w argumentach i
komendach  znajdują się myślniki (flagowe). Jeśli tak, usuwać je.

3. Napisać funkcję finalną parsowania,
 która wyczyści zmienną tokens.


Wspólnie
1. kikwasni@c4r1s1:~$ $?  
0: command not found  
kikwasni@c4r1s1:~$ $?  
127: command not found  
kikwasni@c4r1s1:~$ ls  
42_Warsaw Documents Minishell planner.txt Templates  
kikwasni@c4r1s1:~$ $?  
0: command not found  
kikwasni@c4r1s1:~$ $?  
127: command not found  
kikwasni@c4r1s1:~$ ld  
ld: no input files  
kikwasni@c4r1s1:~$ $?  
1: command not found
Obsłużyć poprawnie $?, które powinno rozwijać się do statusu zakończenia ostatniego polecenia
uruchomionego na pierwszym planie.

2. Napisac pełen main ogranac make file i mergowanie.
3. TESTY.

Kamil 
1. Przetstowac dokładnie swój kod z valgrind 
2. Zorganizować przekazywanie zmiennych środowiskowych po znaku dolara $, korzystając z getenv —
np. dla zmiennej USER pobierać wartość z systemu.


