Taski do ogarnięcia:

1. Ogranac parsowanie koemd i pozostalych argumentow 

2. Zrobić rozpoznanie, czy w argumentach i
komendach  znajdują się myślniki jesli tak suuwca je.
4. zrobic funkje ogranaijac mi komendy dodaj je do dile ora z pozostalosci
do args>

3. Napisać funkcję finalną parsowania, oraz ogranac przechodzenie do kolejnego node 
 która wyczyści zmienną tokens.


Wspólnie
1. kikwasni@c4r1s1:~$ $?  
0: command not found  
kikwasni@c4r1s1:~$ $?  
127: command not found  
kikwasni@c4r1s1:~$ ls  
42_Warsaw Documents Minishell planner.txt Templates  
kikwasni@c4r1s1:~$ $?  
0: command not found  
kikwasni@c4r1s1:~$ $?  
127: command not found  
kikwasni@c4r1s1:~$ ld  
ld: no input files  
kikwasni@c4r1s1:~$ $?  
1: command not found
Obsłużyć poprawnie $?, które powinno rozwijać się do statusu zakończenia ostatniego polecenia
uruchomionego na pierwszym planie.

2. Napisac pełen main ogranac make file i mergowanie.
3. TESTY.

Kamil 
1. Przetstowac dokładnie swój kod z valgrind 
2. Zorganizować przekazywanie zmiennych środowiskowych po znaku dolara $, korzystając z getenv —
np. dla zmiennej USER pobierać wartość z systemu.


